// Jest Snapshot v1, https://goo.gl/fbAQLP

exports[`iOS notifications configuration writes all the asset files (sounds and images) as expected 1`] = `
"// !$*UTF8*$!\n{\n        archiveVersion = 1;\n        classes = {\n        };\n"
`;
